
> ai-website-clone-template@0.4.0 check
> npm run lint && npm run typecheck && npm run build


> ai-website-clone-template@0.4.0 lint
> eslint


> ai-website-clone-template@0.4.0 typecheck
> tsc --noEmit


> ai-website-clone-template@0.4.0 build
> next build

▲ Next.js 16.3.0 (Turbopack)
✓ Running next.config.ts took 18ms

  Creating an optimized production build ...
✓ Compiled successfully in 516ms
  Running TypeScript ...
  Finished TypeScript in 1486ms ...
  Collecting page data using 9 workers ...
  Generating static pages using 9 workers (0/8) ...
  Generating static pages using 9 workers (2/8) 
  Generating static pages using 9 workers (4/8) 
  Generating static pages using 9 workers (6/8) 
✓ Generating static pages using 9 workers (8/8) in 566ms
  Finalizing page optimization ...

Route (app)
┌ ○ /
├ ○ /_not-found
├ ○ /404
├ ○ /about
├ ○ /contact
├ ○ /privacy-policy
└ ○ /projects


○  (Static)  prerendered as static content

