/                                                        1440  y0             0.05%
/                                                        1440  y900           0.64%
/                                                        1440  y1800          0.25%
/                                                        1440  y2700          0.04%
/                                                        1440  y3600          7.40%
/                                                        1440  y4500          28.74%
/                                                        1440  menu-open      0.04%
/                                                        1440  hero-slide-2   0.07%
/                                                        1440  testimonial-2  3.37%
/                                                        1440  service-open   1.15%
/                                                        1024  y0             0.71%
/                                                        1024  y900           0.90%
/                                                        1024  y1800          0.60%
/                                                        1024  y2700          3.76%
/                                                        1024  y3600          13.17%
/                                                        1024  y4500          1.30%
/                                                        1024  menu-open      0.27%
/                                                        1024  service-open   1.70%
/                                                        390   y0             1.35%
/                                                        390   y844           1.86%
/                                                        390   y1688          0.79%
/                                                        390   y2532          3.41%
/                                                        390   y3376          19.79%
/                                                        390   y4220          2.83%
/                                                        390   menu-open      0.62%
/                                                        390   service-open   4.20%
/about                                                   1440  y0             0.38%
/about                                                   1440  y900           0.04%
/about                                                   1440  y1800          2.02%
/about                                                   1440  y2700          0.11%
/about                                                   1440  y3600          0.19%
/about                                                   1440  y4500          0.08%
/about                                                   1024  y0             0.26%
/about                                                   1024  y900           1.29%
/about                                                   1024  y1800          3.30%
/about                                                   1024  y2700          0.84%
/about                                                   1024  y3600          1.08%
/about                                                   1024  y4500          3.04%
/about                                                   390   y0             1.18%
/about                                                   390   y844           0.38%
/about                                                   390   y1688          2.51%
/about                                                   390   y2532          0.14%
/about                                                   390   y3376          0.09%
/about                                                   390   y4220          0.06%
/privacy-policy                                          1440  y0             0.03%
/privacy-policy                                          1440  y900           0.04%
/privacy-policy                                          1440  y1800          0.04%
/privacy-policy                                          1440  y2700          0.03%
/privacy-policy                                          1440  y3600          0.03%
/privacy-policy                                          1440  y4500          0.48%
/privacy-policy                                          1024  y0             0.09%
/privacy-policy                                          1024  y900           0.19%
/privacy-policy                                          1024  y1800          0.14%
/privacy-policy                                          1024  y2700          0.17%
/privacy-policy                                          1024  y3600          0.09%
/privacy-policy                                          1024  y4500          1.42%
/privacy-policy                                          390   y0             0.12%
/privacy-policy                                          390   y844           0.18%
/privacy-policy                                          390   y1688          0.15%
/privacy-policy                                          390   y2532          0.12%
/privacy-policy                                          390   y3376          0.12%
/privacy-policy                                          390   y4220          0.72%
/projects                                                1440  y0             0.61%
/projects                                                1440  y900           0.03%
/projects                                                1440  y1800          1.38%
/projects                                                1440  y2700          1.06%
/projects                                                1440  y3600          0.68%
/projects                                                1440  y4500          2.76%
/projects                                                1024  y0             0.07%
/projects                                                1024  y900           0.04%
/projects                                                1024  y1800          0.11%
/projects                                                1024  y2700          0.14%
/projects                                                1024  y3600          0.24%
/projects                                                1024  y4500          0.15%
/projects                                                390   y0             1.66%
/projects                                                390   y844           0.12%
/projects                                                390   y1688          0.56%
/projects                                                390   y2532          0.42%
/projects                                                390   y3376          0.80%
/projects                                                390   y4220          0.73%
/news                                                    1440  y0             0.74%
/news                                                    1440  y900           0.16%
/news                                                    1440  y1800          0.06%
/news                                                    1440  y2700          0.12%
/news                                                    1440  y3600          0.66%
/news                                                    1440  y4500          0.07%
/news                                                    1024  y0             0.28%
/news                                                    1024  y900           0.21%
/news                                                    1024  y1800          0.15%
/news                                                    1024  y2700          0.70%
/news                                                    1024  y3600          0.87%
/news                                                    1024  y4500          0.38%
/news                                                    390   y0             1.73%
/news                                                    390   y844           0.32%
/news                                                    390   y1688          0.32%
/news                                                    390   y2532          0.36%
/news                                                    390   y3376          3.69%
/news                                                    390   y4220          0.94%
/contact                                                 1440  y0             0.87%
/contact                                                 1440  y900           0.36%
/contact                                                 1440  y1800          1.39%
/contact                                                 1440  y2700          2.24%
/contact                                                 1440  y3600          0.72%
/contact                                                 1440  y4422          0.34%
/contact                                                 1024  y0             0.47%
/contact                                                 1024  y900           0.45%
/contact                                                 1024  y1800          1.67%
/contact                                                 1024  y2700          1.66%
/contact                                                 1024  y3600          2.74%
/contact                                                 1024  y3932          1.33%
/contact                                                 390   y0             1.44%
/contact                                                 390   y844           1.09%
/contact                                                 390   y1688          2.47%
/contact                                                 390   y2532          5.67%
/contact                                                 390   y3376          4.07%
/contact                                                 390   y4220          3.19%
/projects/verve-tower                                    1440  y0             0.03%
/projects/verve-tower                                    1440  y900           0.03%
/projects/verve-tower                                    1440  y1800          0.12%
/projects/verve-tower                                    1440  y2700          0.07%
/projects/verve-tower                                    1440  y3600          0.04%
/projects/verve-tower                                    1440  y4500          0.03%
/projects/verve-tower                                    1024  y0             0.06%
/projects/verve-tower                                    1024  y900           0.08%
/projects/verve-tower                                    1024  y1800          0.15%
/projects/verve-tower                                    1024  y2700          0.10%
/projects/verve-tower                                    1024  y3600          1.04%
/projects/verve-tower                                    1024  y4500          0.04%
/projects/verve-tower                                    390   y0             0.17%
/projects/verve-tower                                    390   y844           0.12%
/projects/verve-tower                                    390   y1688          0.27%
/projects/verve-tower                                    390   y2532          0.59%
/projects/verve-tower                                    390   y3376          0.07%
/projects/verve-tower                                    390   y4220          0.18%
/projects/harbor-12                                      1440  y0             0.03%
/projects/harbor-12                                      1440  y900           0.02%
/projects/harbor-12                                      1440  y1800          0.05%
/projects/harbor-12                                      1440  y2700          0.08%
/projects/harbor-12                                      1440  y3600          0.03%
/projects/harbor-12                                      1440  y4500          0.05%
/projects/harbor-12                                      1024  y0             0.04%
/projects/harbor-12                                      1024  y900           0.11%
/projects/harbor-12                                      1024  y1800          0.15%
/projects/harbor-12                                      1024  y2700          0.12%
/projects/harbor-12                                      1024  y3600          0.04%
/projects/harbor-12                                      1024  y4500          0.10%
/projects/harbor-12                                      390   y0             0.12%
/projects/harbor-12                                      390   y844           0.04%
/projects/harbor-12                                      390   y1688          0.30%
/projects/harbor-12                                      390   y2532          0.85%
/projects/harbor-12                                      390   y3376          0.10%
/projects/harbor-12                                      390   y4220          0.14%
/projects/nordic-one                                     1440  y0             0.03%
/projects/nordic-one                                     1440  y900           0.03%
/projects/nordic-one                                     1440  y1800          0.15%
/projects/nordic-one                                     1440  y2700          0.04%
/projects/nordic-one                                     1440  y3600          0.03%
/projects/nordic-one                                     1440  y4500          0.42%
/projects/nordic-one                                     1024  y0             0.04%
/projects/nordic-one                                     1024  y900           0.07%
/projects/nordic-one                                     1024  y1800          0.22%
/projects/nordic-one                                     1024  y2700          0.27%
/projects/nordic-one                                     1024  y3600          0.07%
/projects/nordic-one                                     1024  y4500          0.97%
/projects/nordic-one                                     390   y0             0.12%
/projects/nordic-one                                     390   y844           0.09%
/projects/nordic-one                                     390   y1688          0.45%
/projects/nordic-one                                     390   y2532          0.26%
/projects/nordic-one                                     390   y3376          0.20%
/projects/nordic-one                                     390   y4220          2.99%
/projects/summit-24                                      1440  y0             0.03%
/projects/summit-24                                      1440  y900           0.02%
/projects/summit-24                                      1440  y1800          0.04%
/projects/summit-24                                      1440  y2700          0.04%
/projects/summit-24                                      1440  y3600          0.05%
/projects/summit-24                                      1440  y4500          0.05%
/projects/summit-24                                      1024  y0             0.04%
/projects/summit-24                                      1024  y900           0.09%
/projects/summit-24                                      1024  y1800          0.09%
/projects/summit-24                                      1024  y2700          0.04%
/projects/summit-24                                      1024  y3600          1.00%
/projects/summit-24                                      1024  y4500          0.05%
/projects/summit-24                                      390   y0             0.12%
/projects/summit-24                                      390   y844           0.07%
/projects/summit-24                                      390   y1688          0.11%
/projects/summit-24                                      390   y2532          0.12%
/projects/summit-24                                      390   y3376          0.11%
/projects/summit-24                                      390   y4220          0.27%
/projects/str%C3%B6m-haus                                1440  y0             0.03%
/projects/str%C3%B6m-haus                                1440  y900           0.02%
/projects/str%C3%B6m-haus                                1440  y1800          0.04%
/projects/str%C3%B6m-haus                                1440  y2700          0.11%
/projects/str%C3%B6m-haus                                1440  y3600          0.29%
/projects/str%C3%B6m-haus                                1440  y4500          0.68%
/projects/str%C3%B6m-haus                                1024  y0             0.04%
/projects/str%C3%B6m-haus                                1024  y900           0.04%
/projects/str%C3%B6m-haus                                1024  y1800          0.06%
/projects/str%C3%B6m-haus                                1024  y2700          1.09%
/projects/str%C3%B6m-haus                                1024  y3600          0.60%
/projects/str%C3%B6m-haus                                1024  y4500          1.17%
/projects/str%C3%B6m-haus                                390   y0             0.18%
/projects/str%C3%B6m-haus                                390   y844           0.11%
/projects/str%C3%B6m-haus                                390   y1688          0.15%
/projects/str%C3%B6m-haus                                390   y2532          0.29%
/projects/str%C3%B6m-haus                                390   y3376          3.63%
/projects/str%C3%B6m-haus                                390   y4220          3.05%
/jobs/interior-designer                                  1440  y0             0.16%
/jobs/interior-designer                                  1440  y900           0.04%
/jobs/interior-designer                                  1440  y1800          0.05%
/jobs/interior-designer                                  1440  y2700          3.56%
/jobs/interior-designer                                  1440  y3600          0.76%
/jobs/interior-designer                                  1440  y4500          0.42%
/jobs/interior-designer                                  1024  y0             0.07%
/jobs/interior-designer                                  1024  y900           0.07%
/jobs/interior-designer                                  1024  y1800          0.08%
/jobs/interior-designer                                  1024  y2700          3.71%
/jobs/interior-designer                                  1024  y3600          1.08%
/jobs/interior-designer                                  1024  y4500          1.20%
/jobs/interior-designer                                  390   y0             0.40%
/jobs/interior-designer                                  390   y844           0.18%
/jobs/interior-designer                                  390   y1688          0.17%
/jobs/interior-designer                                  390   y2532          0.23%
/jobs/interior-designer                                  390   y3376          0.66%
/jobs/interior-designer                                  390   y4220          1.78%
/jobs/landscape-architect                                1440  y0             0.15%
/jobs/landscape-architect                                1440  y900           0.04%
/jobs/landscape-architect                                1440  y1800          0.05%
/jobs/landscape-architect                                1440  y2700          3.46%
/jobs/landscape-architect                                1440  y3600          0.97%
/jobs/landscape-architect                                1440  y4500          0.95%
/jobs/landscape-architect                                1024  y0             0.05%
/jobs/landscape-architect                                1024  y900           0.07%
/jobs/landscape-architect                                1024  y1800          0.09%
/jobs/landscape-architect                                1024  y2700          3.63%
/jobs/landscape-architect                                1024  y3600          1.08%
/jobs/landscape-architect                                1024  y4500          1.68%
/jobs/landscape-architect                                390   y0             0.36%
/jobs/landscape-architect                                390   y844           0.20%
/jobs/landscape-architect                                390   y1688          0.18%
/jobs/landscape-architect                                390   y2532          0.28%
/jobs/landscape-architect                                390   y3376          0.39%
/jobs/landscape-architect                                390   y4220          1.82%
/jobs/3d-artist                                          1440  y0             0.15%
/jobs/3d-artist                                          1440  y900           0.04%
/jobs/3d-artist                                          1440  y1800          0.05%
/jobs/3d-artist                                          1440  y2700          3.43%
/jobs/3d-artist                                          1440  y3600          1.06%
/jobs/3d-artist                                          1440  y4500          1.06%
/jobs/3d-artist                                          1024  y0             0.05%
/jobs/3d-artist                                          1024  y900           0.07%
/jobs/3d-artist                                          1024  y1800          0.09%
/jobs/3d-artist                                          1024  y2700          2.84%
/jobs/3d-artist                                          1024  y3600          1.10%
/jobs/3d-artist                                          1024  y4500          1.69%
/jobs/3d-artist                                          390   y0             0.31%
/jobs/3d-artist                                          390   y844           0.20%
/jobs/3d-artist                                          390   y1688          0.18%
/jobs/3d-artist                                          390   y2532          0.61%
/jobs/3d-artist                                          390   y3376          0.41%
/jobs/3d-artist                                          390   y4220          1.84%
/jobs/project-architect                                  1440  y0             0.19%
/jobs/project-architect                                  1440  y900           0.04%
/jobs/project-architect                                  1440  y1800          0.05%
/jobs/project-architect                                  1440  y2700          3.64%
/jobs/project-architect                                  1440  y3600          1.37%
/jobs/project-architect                                  1440  y4500          0.66%
/jobs/project-architect                                  1024  y0             0.05%
/jobs/project-architect                                  1024  y900           0.07%
/jobs/project-architect                                  1024  y1800          0.12%
/jobs/project-architect                                  1024  y2700          3.08%
/jobs/project-architect                                  1024  y3600          0.76%
/jobs/project-architect                                  1024  y4500          2.02%
/jobs/project-architect                                  390   y0             0.30%
/jobs/project-architect                                  390   y844           0.20%
/jobs/project-architect                                  390   y1688          0.18%
/jobs/project-architect                                  390   y2532          0.36%
/jobs/project-architect                                  390   y3376          0.43%
/jobs/project-architect                                  390   y4220          1.84%
/team/erik-lindholm                                      1440  y0             0.15%
/team/erik-lindholm                                      1440  y900           0.03%
/team/erik-lindholm                                      1440  y1800          0.58%
/team/erik-lindholm                                      1440  y2700          0.79%
/team/erik-lindholm                                      1440  y3190          0.95%
/team/erik-lindholm                                      1024  y0             0.19%
/team/erik-lindholm                                      1024  y900           0.30%
/team/erik-lindholm                                      1024  y1800          0.74%
/team/erik-lindholm                                      1024  y2617          1.19%
/team/erik-lindholm                                      390   y0             0.19%
/team/erik-lindholm                                      390   y844           0.17%
/team/erik-lindholm                                      390   y1688          2.53%
/team/erik-lindholm                                      390   y2532          3.47%
/team/erik-lindholm                                      390   y2969          2.10%
/team/linnea-s%C3%B6rensen                               1440  y0             0.19%
/team/linnea-s%C3%B6rensen                               1440  y900           0.26%
/team/linnea-s%C3%B6rensen                               1440  y1800          0.48%
/team/linnea-s%C3%B6rensen                               1440  y2700          0.85%
/team/linnea-s%C3%B6rensen                               1440  y3125          0.11%
/team/linnea-s%C3%B6rensen                               1024  y0             0.22%
/team/linnea-s%C3%B6rensen                               1024  y900           0.63%
/team/linnea-s%C3%B6rensen                               1024  y1800          0.74%
/team/linnea-s%C3%B6rensen                               1024  y2633          1.19%
/team/linnea-s%C3%B6rensen                               390   y0             0.15%
/team/linnea-s%C3%B6rensen                               390   y844           0.70%
/team/linnea-s%C3%B6rensen                               390   y1688          2.63%
/team/linnea-s%C3%B6rensen                               390   y2532          3.49%
/team/linnea-s%C3%B6rensen                               390   y2896          2.30%
/team/mikael-andersson                                   1440  y0             0.12%
/team/mikael-andersson                                   1440  y900           0.03%
/team/mikael-andersson                                   1440  y1800          0.69%
/team/mikael-andersson                                   1440  y2700          0.81%
/team/mikael-andersson                                   1440  y3143          0.11%
/team/mikael-andersson                                   1024  y0             0.12%
/team/mikael-andersson                                   1024  y900           0.62%
/team/mikael-andersson                                   1024  y1800          0.74%
/team/mikael-andersson                                   1024  y2617          1.19%
/team/mikael-andersson                                   390   y0             0.13%
/team/mikael-andersson                                   390   y844           0.58%
/team/mikael-andersson                                   390   y1688          2.54%
/team/mikael-andersson                                   390   y2532          3.49%
/team/mikael-andersson                                   390   y2933          2.54%
/team/freja-karlsson                                     1440  y0             0.16%
/team/freja-karlsson                                     1440  y900           0.26%
/team/freja-karlsson                                     1440  y1800          0.59%
/team/freja-karlsson                                     1440  y2700          0.81%
/team/freja-karlsson                                     1440  y3143          0.11%
/team/freja-karlsson                                     1024  y0             0.17%
/team/freja-karlsson                                     1024  y900           0.80%
/team/freja-karlsson                                     1024  y1800          0.74%
/team/freja-karlsson                                     1024  y2617          1.19%
/team/freja-karlsson                                     390   y0             0.13%
/team/freja-karlsson                                     390   y844           1.19%
/team/freja-karlsson                                     390   y1688          2.58%
/team/freja-karlsson                                     390   y2532          3.50%
/team/freja-karlsson                                     390   y2904          2.46%
/team/oskar-bj%C3%B8rnsen                                1440  y0             0.14%
/team/oskar-bj%C3%B8rnsen                                1440  y900           0.04%
/team/oskar-bj%C3%B8rnsen                                1440  y1800          0.65%
/team/oskar-bj%C3%B8rnsen                                1440  y2700          0.81%
/team/oskar-bj%C3%B8rnsen                                1440  y3143          0.11%
/team/oskar-bj%C3%B8rnsen                                1024  y0             0.20%
/team/oskar-bj%C3%B8rnsen                                1024  y900           0.57%
/team/oskar-bj%C3%B8rnsen                                1024  y1800          0.74%
/team/oskar-bj%C3%B8rnsen                                1024  y2617          1.19%
/team/oskar-bj%C3%B8rnsen                                390   y0             0.21%
/team/oskar-bj%C3%B8rnsen                                390   y844           0.64%
/team/oskar-bj%C3%B8rnsen                                390   y1688          2.66%
/team/oskar-bj%C3%B8rnsen                                390   y2532          3.57%
/team/oskar-bj%C3%B8rnsen                                390   y2868          2.50%
/team/elin-j%C3%B8rgensen                                1440  y0             0.13%
/team/elin-j%C3%B8rgensen                                1440  y900           0.52%
/team/elin-j%C3%B8rgensen                                1440  y1800          0.74%
/team/elin-j%C3%B8rgensen                                1440  y2700          1.02%
/team/elin-j%C3%B8rgensen                                1440  y3096          0.22%
/team/elin-j%C3%B8rgensen                                1024  y0             0.14%
/team/elin-j%C3%B8rgensen                                1024  y900           1.26%
/team/elin-j%C3%B8rgensen                                1024  y1800          0.74%
/team/elin-j%C3%B8rgensen                                1024  y2576          1.19%
/team/elin-j%C3%B8rgensen                                390   y0             0.13%
/team/elin-j%C3%B8rgensen                                390   y844           2.51%
/team/elin-j%C3%B8rgensen                                390   y1688          2.08%
/team/elin-j%C3%B8rgensen                                390   y2532          3.29%
/team/elin-j%C3%B8rgensen                                390   y2831          2.10%
/team/astrid-nilsen                                      1440  y0             0.12%
/team/astrid-nilsen                                      1440  y900           0.03%
/team/astrid-nilsen                                      1440  y1800          0.47%
/team/astrid-nilsen                                      1440  y2700          0.85%
/team/astrid-nilsen                                      1440  y3125          0.11%
/team/astrid-nilsen                                      1024  y0             0.13%
/team/astrid-nilsen                                      1024  y900           0.29%
/team/astrid-nilsen                                      1024  y1800          0.74%
/team/astrid-nilsen                                      1024  y2604          1.19%
/team/astrid-nilsen                                      390   y0             0.15%
/team/astrid-nilsen                                      390   y844           0.98%
/team/astrid-nilsen                                      390   y1688          2.08%
/team/astrid-nilsen                                      390   y2532          3.29%
/team/astrid-nilsen                                      390   y2831          2.10%
/team/jonas-eklund                                       1440  y0             0.15%
/team/jonas-eklund                                       1440  y900           0.03%
/team/jonas-eklund                                       1440  y1800          0.58%
/team/jonas-eklund                                       1440  y2700          0.81%
/team/jonas-eklund                                       1440  y3143          0.11%
/team/jonas-eklund                                       1024  y0             0.16%
/team/jonas-eklund                                       1024  y900           0.47%
/team/jonas-eklund                                       1024  y1800          0.74%
/team/jonas-eklund                                       1024  y2617          1.19%
/team/jonas-eklund                                       390   y0             0.14%
/team/jonas-eklund                                       390   y844           0.68%
/team/jonas-eklund                                       390   y1688          2.66%
/team/jonas-eklund                                       390   y2532          3.57%
/team/jonas-eklund                                       390   y2868          2.50%
/team/sofia-bergstr%C3%B6m                               1440  y0             0.12%
/team/sofia-bergstr%C3%B6m                               1440  y900           0.03%
/team/sofia-bergstr%C3%B6m                               1440  y1800          0.82%
/team/sofia-bergstr%C3%B6m                               1440  y2700          0.81%
/team/sofia-bergstr%C3%B6m                               1440  y3143          0.11%
/team/sofia-bergstr%C3%B6m                               1024  y0             0.13%
/team/sofia-bergstr%C3%B6m                               1024  y900           0.82%
/team/sofia-bergstr%C3%B6m                               1024  y1800          0.74%
/team/sofia-bergstr%C3%B6m                               1024  y2617          1.19%
/team/sofia-bergstr%C3%B6m                               390   y0             0.13%
/team/sofia-bergstr%C3%B6m                               390   y844           1.30%
/team/sofia-bergstr%C3%B6m                               390   y1688          2.54%
/team/sofia-bergstr%C3%B6m                               390   y2532          3.49%
/team/sofia-bergstr%C3%B6m                               390   y2933          2.54%
/news/how-architecture-shapes-productivity               1440  y0             0.05%
/news/how-architecture-shapes-productivity               1440  y900           0.20%
/news/how-architecture-shapes-productivity               1440  y1800          0.07%
/news/how-architecture-shapes-productivity               1440  y2700          0.59%
/news/how-architecture-shapes-productivity               1440  y3552          0.22%
/news/how-architecture-shapes-productivity               1024  y0             0.29%
/news/how-architecture-shapes-productivity               1024  y900           0.22%
/news/how-architecture-shapes-productivity               1024  y1800          0.14%
/news/how-architecture-shapes-productivity               1024  y2700          1.45%
/news/how-architecture-shapes-productivity               1024  y3195          1.20%
/news/how-architecture-shapes-productivity               390   y0             0.23%
/news/how-architecture-shapes-productivity               390   y844           0.48%
/news/how-architecture-shapes-productivity               390   y1688          0.11%
/news/how-architecture-shapes-productivity               390   y2532          1.98%
/news/how-architecture-shapes-productivity               390   y3376          3.50%
/news/how-architecture-shapes-productivity               390   y3763          2.52%
/news/net-zero-buildings-the-next-step-in-architecture   1440  y0             0.04%
/news/net-zero-buildings-the-next-step-in-architecture   1440  y900           0.05%
/news/net-zero-buildings-the-next-step-in-architecture   1440  y1800          0.05%
/news/net-zero-buildings-the-next-step-in-architecture   1440  y2700          0.55%
/news/net-zero-buildings-the-next-step-in-architecture   1440  y3599          0.11%
/news/net-zero-buildings-the-next-step-in-architecture   1024  y0             0.20%
/news/net-zero-buildings-the-next-step-in-architecture   1024  y900           0.05%
/news/net-zero-buildings-the-next-step-in-architecture   1024  y1800          0.15%
/news/net-zero-buildings-the-next-step-in-architecture   1024  y2700          1.42%
/news/net-zero-buildings-the-next-step-in-architecture   1024  y3237          1.22%
/news/net-zero-buildings-the-next-step-in-architecture   390   y0             0.15%
/news/net-zero-buildings-the-next-step-in-architecture   390   y844           0.11%
/news/net-zero-buildings-the-next-step-in-architecture   390   y1688          0.10%
/news/net-zero-buildings-the-next-step-in-architecture   390   y2532          1.99%
/news/net-zero-buildings-the-next-step-in-architecture   390   y3376          3.51%
/news/net-zero-buildings-the-next-step-in-architecture   390   y3755          2.48%
/news/the-role-of-public-spaces-in-cities                1440  y0             0.03%
/news/the-role-of-public-spaces-in-cities                1440  y900           0.08%
/news/the-role-of-public-spaces-in-cities                1440  y1800          0.07%
/news/the-role-of-public-spaces-in-cities                1440  y2700          0.59%
/news/the-role-of-public-spaces-in-cities                1440  y3552          0.22%
/news/the-role-of-public-spaces-in-cities                1024  y0             0.22%
/news/the-role-of-public-spaces-in-cities                1024  y900           0.12%
/news/the-role-of-public-spaces-in-cities                1024  y1800          0.14%
/news/the-role-of-public-spaces-in-cities                1024  y2700          1.45%
/news/the-role-of-public-spaces-in-cities                1024  y3195          1.20%
/news/the-role-of-public-spaces-in-cities                390   y0             0.12%
/news/the-role-of-public-spaces-in-cities                390   y844           0.10%
/news/the-role-of-public-spaces-in-cities                390   y1688          0.11%
/news/the-role-of-public-spaces-in-cities                390   y2532          1.99%
/news/the-role-of-public-spaces-in-cities                390   y3376          3.49%
/news/the-role-of-public-spaces-in-cities                390   y3799          2.48%
/news/building-with-purpose                              1440  y0             0.03%
/news/building-with-purpose                              1440  y900           0.02%
/news/building-with-purpose                              1440  y1800          0.07%
/news/building-with-purpose                              1440  y2700          0.59%
/news/building-with-purpose                              1440  y3552          0.22%
/news/building-with-purpose                              1024  y0             0.19%
/news/building-with-purpose                              1024  y900           0.03%
/news/building-with-purpose                              1024  y1800          0.14%
/news/building-with-purpose                              1024  y2700          1.45%
/news/building-with-purpose                              1024  y3195          1.20%
/news/building-with-purpose                              390   y0             0.12%
/news/building-with-purpose                              390   y844           0.10%
/news/building-with-purpose                              390   y1688          0.11%
/news/building-with-purpose                              390   y2532          1.99%
/news/building-with-purpose                              390   y3376          3.49%
/news/building-with-purpose                              390   y3799          2.48%
/news/the-future-of-office-spaces                        1440  y0             0.06%
/news/the-future-of-office-spaces                        1440  y900           0.14%
/news/the-future-of-office-spaces                        1440  y1800          0.07%
/news/the-future-of-office-spaces                        1440  y2700          0.59%
/news/the-future-of-office-spaces                        1440  y3552          0.22%
/news/the-future-of-office-spaces                        1024  y0             0.22%
/news/the-future-of-office-spaces                        1024  y900           0.13%
/news/the-future-of-office-spaces                        1024  y1800          0.14%
/news/the-future-of-office-spaces                        1024  y2700          1.45%
/news/the-future-of-office-spaces                        1024  y3195          1.20%
/news/the-future-of-office-spaces                        390   y0             0.16%
/news/the-future-of-office-spaces                        390   y844           0.20%
/news/the-future-of-office-spaces                        390   y1688          0.12%
/news/the-future-of-office-spaces                        390   y2532          2.08%
/news/the-future-of-office-spaces                        390   y3376          3.50%
/news/the-future-of-office-spaces                        390   y3828          2.57%
/news/designing-cities-for-tomorrow                      1440  y0             0.03%
/news/designing-cities-for-tomorrow                      1440  y900           0.11%
/news/designing-cities-for-tomorrow                      1440  y1800          0.05%
/news/designing-cities-for-tomorrow                      1440  y2700          0.55%
/news/designing-cities-for-tomorrow                      1440  y3599          0.11%
/news/designing-cities-for-tomorrow                      1024  y0             0.19%
/news/designing-cities-for-tomorrow                      1024  y900           0.10%
/news/designing-cities-for-tomorrow                      1024  y1800          0.14%
/news/designing-cities-for-tomorrow                      1024  y2700          1.45%
/news/designing-cities-for-tomorrow                      1024  y3195          1.20%
/news/designing-cities-for-tomorrow                      390   y0             0.12%
/news/designing-cities-for-tomorrow                      390   y844           0.34%
/news/designing-cities-for-tomorrow                      390   y1688          0.12%
/news/designing-cities-for-tomorrow                      390   y2532          2.08%
/news/designing-cities-for-tomorrow                      390   y3376          3.50%
/news/designing-cities-for-tomorrow                      390   y3828          2.57%
/404                                                     1440  y0             1.62%
/404                                                     1440  y900           0.49%
/404                                                     1440  y1757          0.11%
/404                                                     1024  y0             1.72%
/404                                                     1024  y900           0.74%
/404                                                     1024  y1682          1.22%
/404                                                     390   y0             2.60%
/404                                                     390   y844           2.44%
/404                                                     390   y1688          3.24%
/404                                                     390   y1890          2.32%

largest mismatches:
  28.74%  / @1440 y4500
  19.79%  / @390 y3376
  13.17%  / @1024 y3600
  7.40%  / @1440 y3600
  5.67%  /contact @390 y2532
  4.20%  / @390 service-open
  4.07%  /contact @390 y3376
  3.76%  / @1024 y2700
  3.71%  /jobs/interior-designer @1024 y2700
  3.69%  /news @390 y3376
  3.64%  /jobs/project-architect @1440 y2700
  3.63%  /projects/str%C3%B6m-haus @390 y3376
  3.63%  /jobs/landscape-architect @1024 y2700
  3.57%  /team/oskar-bj%C3%B8rnsen @390 y2532
  3.57%  /team/jonas-eklund @390 y2532
